/tmp/waft-0156-main.js:651
})();
^

SyntaxError: Unexpected token '}'
    at wrapSafe (node:internal/modules/cjs/loader:1713:18)
    at checkSyntax (node:internal/main/check_syntax:78:3)

Node.js v22.23.1
node:internal/errors:983
  const err = new Error(message);
              ^

Error: Command failed: /usr/local/bin/node --check /tmp/waft-0156-main.js
    at genericNodeError (node:internal/errors:983:15)
    at wrappedFn (node:internal/errors:537:14)
    at checkExecSyncError (node:child_process:916:11)
    at execFileSync (node:child_process:952:15)
    at file:///home/runner/work/WAFT-2/WAFT-2/mallorca-mobile/.build-waft-0156-fixed.mjs?run=1785513617328:111:1
    at ModuleJob.run (node:internal/modules/esm/module_job:343:25)
    at async onImport.tracePromise.__proto__ (node:internal/modules/esm/loader:681:26)
    at async file:///home/runner/work/WAFT-2/WAFT-2/mallorca-mobile/run-build-waft-0156.mjs:15:3 {
  status: 1,
  signal: null,
  output: [ null, null, null ],
  pid: 2267,
  stdout: null,
  stderr: null
}

Node.js v22.23.1
