attempt=1 http=200 bytes=159293
pages_ok=1
url=https://xxenesiss.github.io/WAFT-2/mallorca-mobile/waft-0156.html?v=d2818d537ded1778d92a7368c60ead933921c316
Wrote to /tmp/waft-browser-check/package.json:

{
  "name": "waft-browser-check",
  "version": "1.0.0",
  "description": "",
  "main": "index.js",
  "scripts": {
    "test": "echo \"Error: no test specified\" && exit 1"
  },
  "keywords": [],
  "author": "",
  "license": "ISC"
}




added 1 package, and audited 2 packages in 1s

found 0 vulnerabilities
chrome=/usr/bin/google-chrome
browser_ok=1
