{
  "valid": true,
  "url": "http://127.0.0.1:8000/mallorca-mobile/region-runtime-baleares-010.html?v=debug",
  "elapsedMs": 2668,
  "responseStatus": 200,
  "navigationError": null,
  "samples": [
    {
      "second": 2,
      "ready": true,
      "error": null,
      "hasApi": true,
      "loadingText": "Construyendo terreno, ciudades y carreteras…",
      "loadingHidden": true,
      "errorVisible": "none",
      "errorText": "",
      "memory": {
        "used": 11790600,
        "total": 14502724,
        "limit": 4395630592
      }
    }
  ],
  "final": {
    "title": "WAFT · Runtime regional de Baleares 010",
    "ready": true,
    "error": null,
    "apiVersion": "010",
    "apiState": {
      "movementMode": "ground",
      "swimming": false,
      "terrainPitch": 0.01597455513459608,
      "terrainRoll": -0.004948593667421678,
      "slopeAngle": 0.084286903494726,
      "slopeSpeedFactor": 1,
      "groundHeight": 0.09272661145600557,
      "waterSurfaceHeight": -0.24,
      "jumpVelocity": 8.8,
      "swimSpeed": 5.2,
      "runSpeed": 7.2,
      "position": {
        "x": -116.44041522555727,
        "y": 0.9124812273233084,
        "z": 32.68312549156242
      },
      "displayPosition": {
        "x": -116.44041522555727,
        "y": 0.9124812273233084,
        "z": 32.68312549156242
      },
      "cameraEye": {
        "x": -116.76823780634714,
        "y": 1.1751568368934917,
        "z": 31.90775217368312
      },
      "cameraYaw": 0.4,
      "playerFacing": 0.4,
      "cameraMode": "third-person",
      "characterVisible": true,
      "cameraBlocked": true,
      "lateralControls": "screen-relative",
      "worldMode": "regional",
      "worldScale": 1,
      "footprintScale": 1,
      "localCenter": {
        "x": 0,
        "z": 0
      },
      "localRadius": 18,
      "localZoneId": null,
      "localPackageLoaded": false,
      "localPackageStatus": "unloaded",
      "localPackageLoadCount": 0,
      "localPackageReleaseCount": 0,
      "localPackageRequestCount": 0,
      "localGpuResources": 0,
      "localRegistryLoaded": true,
      "localRegistryBuildId": "baleares-local-zones-cc574a5013d0",
      "localZoneCount": 2,
      "localRequestedZoneId": null,
      "localLastLoadedZoneId": null,
      "localProximityZoneId": "palma",
      "localProximityDistance": 1.5,
      "localProximityStatus": "available",
      "localEntryRadius": 7.68,
      "localDiscoveryRadius": 17.28,
      "localProximityUpdates": 1,
      "playerVisualScale": 0.58,
      "playerCollisionRadius": 0.16,
      "playerEyeHeight": 0.82,
      "graphicsProfile": "enhanced-mobile-v2",
      "renderDataset": "regional-streamed",
      "localPackageBuildId": null,
      "localPackageBytes": 0,
      "localTerrain": {
        "columns": 0,
        "rows": 0
      },
      "localCounts": {
        "buildings": 0,
        "roadVertices": 0
      },
      "grounded": true,
      "activeBuildings": 994,
      "loadedCells": 15,
      "collisions": 0,
      "preset": "palma"
    },
    "webgl2": true,
    "resourceCount": 6,
    "resources": [
      "http://127.0.0.1:8000/regions/baleares/preview/baleares-preview-v1.json?v=debug",
      "http://127.0.0.1:8000/regions/baleares/local/zones-v1.json?v=debug",
      "http://127.0.0.1:8000/regions/baleares/preview/baleares-preview-v1.bin?v=debug",
      "http://127.0.0.1:8000/regions/baleares/terrain.bin?v=debug",
      "http://127.0.0.1:8000/regions/baleares/landcover.bin?v=debug",
      "http://127.0.0.1:8000/favicon.ico"
    ]
  },
  "pageErrors": [],
  "consoleMessages": [
    {
      "type": "warning",
      "text": "[]Automatic fallback to software WebGL has been deprecated. Please use the --enable-unsafe-swiftshader flag to opt in to lower security guarantees for trusted content."
    },
    {
      "type": "error",
      "text": "Failed to load resource: the server responded with a status of 404 (File not found)"
    }
  ],
  "requestFailures": []
}
