/home/runner/work/WAFT-2/WAFT-2/world-generator/scripts/build-baleares-runtime-002.mjs:103
const characterProgram = String.raw`    const characterProgram = program(gl, `#version 300 es
                                                                              ^^^^^^^^

SyntaxError: Unexpected identifier '#version'
    at checkSyntax (node:internal/main/check_syntax:74:5)

Node.js v22.23.1
file:///home/runner/work/WAFT-2/WAFT-2/world-generator/scripts/build-baleares-runtime-002.mjs:103
const characterProgram = String.raw`    const characterProgram = program(gl, `#version 300 es
                                                                              ^^^^^^^^

SyntaxError: Unexpected identifier '#version'
    at compileSourceTextModule (node:internal/modules/esm/utils:346:16)
    at ModuleLoader.moduleStrategy (node:internal/modules/esm/translators:110:18)
    at #translate (node:internal/modules/esm/loader:559:20)
    at afterLoad (node:internal/modules/esm/loader:612:29)
    at ModuleLoader.loadAndTranslate (node:internal/modules/esm/loader:617:12)
    at #createModuleJob (node:internal/modules/esm/loader:640:36)
    at #getJobFromResolveResult (node:internal/modules/esm/loader:353:34)
    at ModuleLoader.getModuleJobForImport (node:internal/modules/esm/loader:321:41)
    at async onImport.tracePromise.__proto__ (node:internal/modules/esm/loader:680:25)

Node.js v22.23.1
