== syntax local builder ==
exit=0
== syntax local verifier ==
exit=0
== syntax registry builder ==
exit=0
== syntax registry verifier ==
exit=0
== syntax runtime builder ==
exit=0
== syntax browser verifier ==
exit=0
== build Llevant ==
{
  "binaryBytes": 22760,
  "binarySha256": "c83c7bced9952c0861a7cc93e2ca275e7a483ca5693574c8ef19e5be4933196b",
  "buildId": "baleares-llevant-c4d1780ceebf",
  "counts": {
    "buildings": 112,
    "landmarks": 2,
    "roadSegments": 514,
    "roadVertices": 1028,
    "settlements": 1
  },
  "floatAlignmentPadding": 0,
  "footprintScale": 4,
  "formatVersion": 1,
  "regionId": "baleares",
  "regionalRadius": 28,
  "terrain": {
    "cells": 864,
    "columns": 32,
    "landCells": 853,
    "rows": 27,
    "sourceWindow": {
      "maxColumn": 333,
      "maxRow": 106,
      "minColumn": 302,
      "minRow": 80
    }
  },
  "valid": true,
  "worldScale": 12,
  "zoneId": "llevant"
}
exit=0
== verify Llevant ==
{
  "formatVersion": 1,
  "valid": true,
  "regionId": "baleares",
  "zoneId": "llevant",
  "buildId": "baleares-llevant-c4d1780ceebf",
  "binaryBytes": 22760,
  "binarySha256": "c83c7bced9952c0861a7cc93e2ca275e7a483ca5693574c8ef19e5be4933196b",
  "terrain": {
    "cells": 864,
    "columns": 32,
    "landCells": 853,
    "rows": 27,
    "sourceWindow": {
      "maxColumn": 333,
      "maxRow": 106,
      "minColumn": 302,
      "minRow": 80
    }
  },
  "counts": {
    "buildings": 112,
    "landmarks": 2,
    "roadSegments": 514,
    "roadVertices": 1028,
    "settlements": 1
  },
  "worldScale": 12,
  "footprintScale": 4,
  "regionalRadius": 28,
  "floatAlignmentPadding": 0
}
exit=0
== build Palma ==
Error: palma local zone has too few road vertices: 1148 < 1200
    at assert (file:///home/runner/work/WAFT-2/WAFT-2/world-generator/scripts/build-local-zone.mjs:16:25)
    at build (file:///home/runner/work/WAFT-2/WAFT-2/world-generator/scripts/build-local-zone.mjs:264:3)
    at file:///home/runner/work/WAFT-2/WAFT-2/world-generator/scripts/build-local-zone.mjs:403:3
    at ModuleJob.run (node:internal/modules/esm/module_job:325:25)
    at async ModuleLoader.import (node:internal/modules/esm/loader:606:24)
    at async asyncRunEntryPointWithESMLoader (node:internal/modules/run_main:117:5)
exit=1
== verify Palma ==
Error: Missing /home/runner/work/WAFT-2/WAFT-2/regions/baleares/local/palma/palma-local-v1.json
    at assert (file:///home/runner/work/WAFT-2/WAFT-2/world-generator/scripts/verify-local-zone.mjs:12:25)
    at verify (file:///home/runner/work/WAFT-2/WAFT-2/world-generator/scripts/verify-local-zone.mjs:68:5)
    at file:///home/runner/work/WAFT-2/WAFT-2/world-generator/scripts/verify-local-zone.mjs:231:3
    at ModuleJob.run (node:internal/modules/esm/module_job:325:25)
    at async ModuleLoader.import (node:internal/modules/esm/loader:606:24)
    at async asyncRunEntryPointWithESMLoader (node:internal/modules/run_main:117:5)
exit=1
== build local registry ==
Error: Missing local-zone metadata /home/runner/work/WAFT-2/WAFT-2/regions/baleares/local/palma/palma-local-v1.json
    at assert (file:///home/runner/work/WAFT-2/WAFT-2/world-generator/scripts/build-local-zone-registry.mjs:9:25)
    at build (file:///home/runner/work/WAFT-2/WAFT-2/world-generator/scripts/build-local-zone-registry.mjs:50:5)
    at file:///home/runner/work/WAFT-2/WAFT-2/world-generator/scripts/build-local-zone-registry.mjs:126:3
    at ModuleJob.run (node:internal/modules/esm/module_job:325:25)
    at async ModuleLoader.import (node:internal/modules/esm/loader:606:24)
    at async asyncRunEntryPointWithESMLoader (node:internal/modules/run_main:117:5)
exit=1
== verify local registry ==
Error: Missing local-zone registry /home/runner/work/WAFT-2/WAFT-2/regions/baleares/local/zones-v1.json
    at assert (file:///home/runner/work/WAFT-2/WAFT-2/world-generator/scripts/verify-local-zone-registry.mjs:9:25)
    at verify (file:///home/runner/work/WAFT-2/WAFT-2/world-generator/scripts/verify-local-zone-registry.mjs:34:3)
    at file:///home/runner/work/WAFT-2/WAFT-2/world-generator/scripts/verify-local-zone-registry.mjs:114:3
    at ModuleJob.run (node:internal/modules/esm/module_job:325:25)
    at async ModuleLoader.import (node:internal/modules/esm/loader:606:24)
    at async asyncRunEntryPointWithESMLoader (node:internal/modules/run_main:117:5)
exit=1
