{
  "formatVersion": 1,
  "buildRevision": 1,
  "runtimeVersion": "010",
  "source": "mallorca-mobile/region-runtime-baleares-009.html",
  "output": "mallorca-mobile/region-runtime-baleares-010.html",
  "sourceSha256": "e5d76de782d0b93c17e2a46c5fd2018eb91657bdea64c3aa1d6bf695feb96ead",
  "outputSha256": "6bb8b7454e14bf8f586d78ec8995bad26666126f83c07462ed7f12d94af757e7",
  "outputBytes": 103433,
  "locomotion": {
    "bilinearTerrainFollowing": true,
    "slopeAlignedCharacter": true,
    "mountainClimbing": true,
    "swimmingAcrossRegionalWater": true,
    "waterRouteProbe": "Mallorca-Menorca",
    "runSpeed": 7.2,
    "swimSpeed": 5.2,
    "swimBoostMultiplier": 1.75,
    "jumpVelocity": 8.8,
    "gravity": 13.5
  },
  "graphics": {
    "profile": "enhanced-mobile-v2",
    "animatedWaterShading": true,
    "terrainAndBuildingEnhancementsPreserved": true
  },
  "behavior": {
    "geographicZoneDetectionPreserved": true,
    "localPackageLifecyclePreserved": true,
    "smallerPlayerAndColliderPreserved": true,
    "protectedPreviousRuntime": true
  }
}
file:///home/runner/work/WAFT-2/WAFT-2/world-generator/scripts/patch-baleares-runtime-010-spatial-probe.mjs:11
  if (!condition) throw new Error(message);
                        ^

Error: Spatial building lookup was not installed
    at assert (file:///home/runner/work/WAFT-2/WAFT-2/world-generator/scripts/patch-baleares-runtime-010-spatial-probe.mjs:11:25)
    at file:///home/runner/work/WAFT-2/WAFT-2/world-generator/scripts/patch-baleares-runtime-010-spatial-probe.mjs:75:1
    at ModuleJob.run (node:internal/modules/esm/module_job:325:25)
    at async ModuleLoader.import (node:internal/modules/esm/loader:606:24)
    at async asyncRunEntryPointWithESMLoader (node:internal/modules/run_main:117:5)

Node.js v20.20.2
page.waitForFunction: Timeout 120000ms exceeded.
    at verify (/home/runner/work/WAFT-2/WAFT-2/world-generator/scripts/.verify-baleares-runtime-010-generated.mjs:128:16)
[runtime-010-verifier] status=1 signal=none error=none
[runtime-010-verifier] generated verifier retained at /home/runner/work/WAFT-2/WAFT-2/world-generator/scripts/.verify-baleares-runtime-010-generated.mjs
