== syntax runtime builder ==
exit=0
== syntax runtime locomotion patch ==
exit=0
== syntax browser verifier ==
exit=0
== build runtime 010 ==
{
  "formatVersion": 1,
  "buildRevision": 1,
  "runtimeVersion": "010",
  "source": "mallorca-mobile/region-runtime-baleares-009.html",
  "output": "mallorca-mobile/region-runtime-baleares-010.html",
  "sourceSha256": "e5d76de782d0b93c17e2a46c5fd2018eb91657bdea64c3aa1d6bf695feb96ead",
  "outputSha256": "6bb8b7454e14bf8f586d78ec8995bad26666126f83c07462ed7f12d94af757e7",
  "outputBytes": 103433,
  "locomotion": {
    "bilinearTerrainFollowing": true,
    "slopeAlignedCharacter": true,
    "mountainClimbing": true,
    "swimmingAcrossRegionalWater": true,
    "waterRouteProbe": "Mallorca-Menorca",
    "runSpeed": 7.2,
    "swimSpeed": 5.2,
    "swimBoostMultiplier": 1.75,
    "jumpVelocity": 8.8,
    "gravity": 13.5
  },
  "graphics": {
    "profile": "enhanced-mobile-v2",
    "animatedWaterShading": true,
    "terrainAndBuildingEnhancementsPreserved": true
  },
  "behavior": {
    "geographicZoneDetectionPreserved": true,
    "localPackageLifecyclePreserved": true,
    "smallerPlayerAndColliderPreserved": true,
    "protectedPreviousRuntime": true
  }
}
exit=0
== apply runtime 010 locomotion patch ==
{
  "valid": true,
  "runtime": "mallorca-mobile/region-runtime-baleares-010.html",
  "outputBytes": 104427,
  "outputSha256": "2d2593f22bac1b178c7530af5842edf25b50ad9f23fd12a3a108620d03ccd01a",
  "regionalProbeCellSize": 24,
  "browserSafeLocomotionProbeErrors": true,
  "mountainProbeMilliseconds": 850
}
exit=0
== syntax runtime 010 inline JavaScript ==
exit=0
== rebuild runtime 010 ==
{
  "formatVersion": 1,
  "buildRevision": 1,
  "runtimeVersion": "010",
  "source": "mallorca-mobile/region-runtime-baleares-009.html",
  "output": "mallorca-mobile/region-runtime-baleares-010.html",
  "sourceSha256": "e5d76de782d0b93c17e2a46c5fd2018eb91657bdea64c3aa1d6bf695feb96ead",
  "outputSha256": "6bb8b7454e14bf8f586d78ec8995bad26666126f83c07462ed7f12d94af757e7",
  "outputBytes": 103433,
  "locomotion": {
    "bilinearTerrainFollowing": true,
    "slopeAlignedCharacter": true,
    "mountainClimbing": true,
    "swimmingAcrossRegionalWater": true,
    "waterRouteProbe": "Mallorca-Menorca",
    "runSpeed": 7.2,
    "swimSpeed": 5.2,
    "swimBoostMultiplier": 1.75,
    "jumpVelocity": 8.8,
    "gravity": 13.5
  },
  "graphics": {
    "profile": "enhanced-mobile-v2",
    "animatedWaterShading": true,
    "terrainAndBuildingEnhancementsPreserved": true
  },
  "behavior": {
    "geographicZoneDetectionPreserved": true,
    "localPackageLifecyclePreserved": true,
    "smallerPlayerAndColliderPreserved": true,
    "protectedPreviousRuntime": true
  }
}
exit=0
== reapply runtime 010 locomotion patch ==
{
  "valid": true,
  "runtime": "mallorca-mobile/region-runtime-baleares-010.html",
  "outputBytes": 104427,
  "outputSha256": "2d2593f22bac1b178c7530af5842edf25b50ad9f23fd12a3a108620d03ccd01a",
  "regionalProbeCellSize": 24,
  "browserSafeLocomotionProbeErrors": true,
  "mountainProbeMilliseconds": 850
}
exit=0
== local mobile browser runtime 010 ==
{
  "formatVersion": 1,
  "verifierVersion": 3,
  "runtimeVersion": "010",
  "valid": true,
  "public": false,
  "url": "http://127.0.0.1:8000/mallorca-mobile/region-runtime-baleares-010.html?v=local",
  "regionalBuildId": "baleares-preview-3068ab4bdb61",
  "registryBuildId": "baleares-local-zones-cc574a5013d0",
  "viewport": {
    "width": 844,
    "height": 390,
    "touch": true
  },
  "canvas": {
    "width": 844,
    "height": 390
  },
  "playerMetrics": {
    "visualScale": 0.58,
    "collisionRadius": 0.16,
    "eyeHeight": 0.82,
    "swimEyeHeight": 0.46,
    "previousCollisionRadius": 0.34,
    "graphicsProfile": "enhanced-mobile-v2",
    "runSpeed": 7.2,
    "swimSpeed": 5.2,
    "jumpVelocity": 8.8,
    "gravity": 13.5,
    "terrainAdaptation": true,
    "swimming": true
  },
  "locomotion": {
    "probes": {
      "mountain": {
        "start": {
          "x": -18.497541031849778,
          "z": -91.82989694117512
        },
        "target": {
          "x": -18.497541031849778,
          "z": -89.18016141176338
        },
        "direction": {
          "x": 0,
          "z": 1
        },
        "yaw": 0,
        "rise": 3.36,
        "angle": 0.9030381083051167,
        "score": 4.407752433220467,
        "suggestedMilliseconds": 850
      },
      "water": {
        "start": {
          "x": 190.67622020438932,
          "z": -52.20177915679983
        },
        "direction": {
          "x": 0.9645466716775621,
          "z": -0.2639123304351978
        },
        "yaw": 1.8378724264042885,
        "route": "Mallorca-Menorca",
        "suggestedMilliseconds": 700
      }
    },
    "mountainDistance": 0.5757695999999868,
    "mountainGain": 0.7301052631578671,
    "mountainPitch": -0.5981562466409035,
    "mountainSlopeAngle": 1.2116006629495588,
    "waterDistance": 1.9936799999997026,
    "waterPitch": -0.48231527547159275,
    "highJumpRise": 1.5425398500000023
  },
  "proximity": {
    "palma": {
      "entryRadius": 7.68,
      "discoveryRadius": 17.28,
      "nearbyDistance": 12.480000000000004,
      "entryDistance": 3.8400000000000034
    },
    "llevant": {
      "entryRadius": 8.96,
      "discoveryRadius": 20.160000000000004,
      "nearbyDistance": 14.560000000000002,
      "entryDistance": 4.480000000000004
    }
  },
  "zones": {
    "palma": {
      "narrowPassage": {
        "x": -101.66048360980012,
        "z": 26.682846867958066,
        "clearanceDisplay": 0.25,
        "newRadius": 0.16,
        "oldRadius": 0.34,
        "newClear": true,
        "oldBlocked": true,
        "tangentClear": true
      },
      "buildId": "baleares-palma-4727f01fc3de",
      "binaryBytes": 25648,
      "counts": {
        "buildings": 160,
        "landmarks": 5,
        "roadSegments": 574,
        "roadVertices": 1148,
        "settlements": 3
      },
      "lateralDistance": 3.9600000000004467,
      "lateralAlignment": 1.0000000000000002,
      "jumpRise": 1.5425398500000023
    },
    "llevant": {
      "buildId": "baleares-llevant-4727f01fc3de",
      "binaryBytes": 22760,
      "counts": {
        "buildings": 112,
        "landmarks": 2,
        "roadSegments": 514,
        "roadVertices": 1028,
        "settlements": 1
      },
      "forwardDistance": 3.8214803205184245,
      "forwardAlignment": 1
    }
  },
  "tests": {
    "smallerPlayerVisualScale": true,
    "reducedPlayerCollider": true,
    "narrowPalmaPassage": true,
    "enhancedMobileGraphics": true,
    "bilinearTerrainFollowing": true,
    "mountainClimbing": true,
    "slopeAlignedCharacter": true,
    "openWaterSwimming": true,
    "mallorcaToMenorcaWaterRoute": true,
    "highJump": true,
    "registryRequestedAtBoot": true,
    "noZonePackagesRequestedAtBoot": true,
    "remotePositionDisablesEntry": true,
    "discoveryRadiusShowsDistance": true,
    "entryRadiusEnablesEntry": true,
    "detectionIgnoresStalePreset": true,
    "remoteZoneRequestRejected": true,
    "palmaLoadedFromDetectedPosition": true,
    "llevantLoadedFromDetectedPosition": true,
    "finalLoads": 2,
    "finalReleases": 2,
    "finalPackageRequests": 4,
    "finalGpuResources": 0,
    "proximityUpdates": 21
  },
  "finalState": {
    "movementMode": "ground",
    "swimming": false,
    "terrainPitch": -0.0820972283901974,
    "terrainRoll": 0.033895449996418636,
    "slopeAngle": 0.1057436992875705,
    "slopeSpeedFactor": 1,
    "groundHeight": 2.6836261696519204,
    "waterSurfaceHeight": -0.24,
    "jumpVelocity": 8.8,
    "swimSpeed": 5.2,
    "runSpeed": 7.2,
    "position": {
      "x": 105.87339374943946,
      "y": 3.5036261569550335,
      "z": 13.511358118548971
    },
    "displayPosition": {
      "x": 105.87339374943946,
      "y": 3.5036261569550335,
      "z": 13.511358118548971
    },
    "cameraEye": {
      "x": 104.88992600706983,
      "y": 4.4316529856655835,
      "z": 11.185238164911077
    },
    "cameraYaw": 0.4,
    "playerFacing": 0.39757461002805,
    "cameraMode": "third-person",
    "characterVisible": true,
    "cameraBlocked": true,
    "lateralControls": "screen-relative",
    "worldMode": "regional",
    "worldScale": 1,
    "footprintScale": 1,
    "localCenter": {
      "x": 101.26938087180768,
      "z": 13.218040080000701
    },
    "localRadius": 28,
    "localZoneId": null,
    "localPackageLoaded": false,
    "localPackageStatus": "unloaded",
    "localPackageLoadCount": 2,
    "localPackageReleaseCount": 2,
    "localPackageRequestCount": 4,
    "localGpuResources": 0,
    "localRegistryLoaded": true,
    "localRegistryBuildId": "baleares-local-zones-cc574a5013d0",
    "localZoneCount": 2,
    "localRequestedZoneId": null,
    "localLastLoadedZoneId": "llevant",
    "localProximityZoneId": "llevant",
    "localProximityDistance": 4.6133469465385994,
    "localProximityStatus": "available",
    "localEntryRadius": 8.96,
    "localDiscoveryRadius": 20.160000000000004,
    "localProximityUpdates": 21,
    "playerVisualScale": 0.58,
    "playerCollisionRadius": 0.16,
    "playerEyeHeight": 0.82,
    "graphicsProfile": "enhanced-mobile-v2",
    "renderDataset": "regional-streamed",
    "localPackageBuildId": null,
    "localPackageBytes": 0,
    "localTerrain": {
      "columns": 0,
      "rows": 0
    },
    "localCounts": {
      "buildings": 0,
      "roadVertices": 0
    },
    "grounded": true,
    "activeBuildings": 1205,
    "loadedCells": 23,
    "collisions": 0,
    "preset": "llevant"
  },
  "pageErrors": [],
  "consoleErrors": []
}
[runtime-010-verifier] status=0 signal=none error=none
exit=0
