== syntax checks ==
syntax world-generator/scripts/build-local-zone.mjs=0
syntax world-generator/scripts/verify-local-zone.mjs=0
syntax world-generator/scripts/run-build-local-zone.mjs=0
syntax world-generator/scripts/run-verify-local-zone.mjs=0
syntax world-generator/scripts/build-baleares-runtime-005.mjs=0
syntax world-generator/scripts/verify-baleares-runtime-005-browser.mjs=0
== build local package ==
Error: Llevant local zone has too few buildings: 112
    at assert (file:///home/runner/work/WAFT-2/WAFT-2/world-generator/scripts/.build-local-zone-effective.mjs:16:25)
    at build (file:///home/runner/work/WAFT-2/WAFT-2/world-generator/scripts/.build-local-zone-effective.mjs:217:3)
    at file:///home/runner/work/WAFT-2/WAFT-2/world-generator/scripts/.build-local-zone-effective.mjs:344:3
    at ModuleJob.run (node:internal/modules/esm/module_job:325:25)
    at async ModuleLoader.import (node:internal/modules/esm/loader:606:24)
    at async asyncRunEntryPointWithESMLoader (node:internal/modules/run_main:117:5)
local-build=1
local-verify=99
== build runtime 005 ==
file:///home/runner/work/WAFT-2/WAFT-2/world-generator/scripts/build-baleares-runtime-005.mjs:13
  if (!condition) throw new Error(message);
                        ^

Error: local safe-spawn building records is not unique
    at assert (file:///home/runner/work/WAFT-2/WAFT-2/world-generator/scripts/build-baleares-runtime-005.mjs:13:25)
    at replaceOnce (file:///home/runner/work/WAFT-2/WAFT-2/world-generator/scripts/build-baleares-runtime-005.mjs:19:3)
    at file:///home/runner/work/WAFT-2/WAFT-2/world-generator/scripts/build-baleares-runtime-005.mjs:129:8
    at ModuleJob.run (node:internal/modules/esm/module_job:325:25)
    at async ModuleLoader.import (node:internal/modules/esm/loader:606:24)
    at async asyncRunEntryPointWithESMLoader (node:internal/modules/run_main:117:5)

Node.js v20.20.2
runtime-build=1
deterministic=99
