{
  "formatVersion": 1,
  "verifierVersion": 1,
  "runtimeVersion": "008",
  "valid": true,
  "public": true,
  "url": "https://xxenesiss.github.io/WAFT-2/mallorca-mobile/region-runtime-baleares-008.html?v=5306b10202408ffa28492823c3ad6b7eecba4ccf",
  "regionalBuildId": "baleares-preview-3068ab4bdb61",
  "registryBuildId": "baleares-local-zones-cc574a5013d0",
  "viewport": {
    "width": 844,
    "height": 390,
    "touch": true
  },
  "canvas": {
    "width": 844,
    "height": 390
  },
  "proximity": {
    "palma": {
      "entryRadius": 7.68,
      "discoveryRadius": 17.28,
      "nearbyDistance": 12.480000000000004,
      "entryDistance": 3.8400000000000034
    },
    "llevant": {
      "entryRadius": 8.96,
      "discoveryRadius": 20.160000000000004,
      "nearbyDistance": 14.560000000000002,
      "entryDistance": 4.480000000000004
    }
  },
  "zones": {
    "palma": {
      "buildId": "baleares-palma-4727f01fc3de",
      "binaryBytes": 25648,
      "counts": {
        "buildings": 160,
        "landmarks": 5,
        "roadSegments": 574,
        "roadVertices": 1148,
        "settlements": 3
      },
      "lateralDistance": 3.960000000000067,
      "lateralAlignment": 0.9999999999999999,
      "jumpRise": 0.7974374100000003
    },
    "llevant": {
      "buildId": "baleares-llevant-4727f01fc3de",
      "binaryBytes": 22760,
      "counts": {
        "buildings": 112,
        "landmarks": 2,
        "roadSegments": 514,
        "roadVertices": 1028,
        "settlements": 1
      },
      "forwardDistance": 3.6007199999998245,
      "forwardAlignment": 1.0000000000000002
    }
  },
  "tests": {
    "registryRequestedAtBoot": true,
    "noZonePackagesRequestedAtBoot": true,
    "remotePositionDisablesEntry": true,
    "discoveryRadiusShowsDistance": true,
    "entryRadiusEnablesEntry": true,
    "detectionIgnoresStalePreset": true,
    "remoteZoneRequestRejected": true,
    "palmaLoadedFromDetectedPosition": true,
    "llevantLoadedFromDetectedPosition": true,
    "finalLoads": 2,
    "finalReleases": 2,
    "finalPackageRequests": 4,
    "finalGpuResources": 0,
    "proximityUpdates": 11
  },
  "finalState": {
    "position": {
      "x": 105.86622973960078,
      "y": 4.02,
      "z": 13.494413641861208
    },
    "displayPosition": {
      "x": 105.86622973960078,
      "y": 4.02,
      "z": 13.494413641861208
    },
    "cameraEye": {
      "x": 104.96802346203192,
      "y": 4.934503556553873,
      "z": 11.369956016335454
    },
    "cameraYaw": 0.4,
    "playerFacing": 0.3974523258032468,
    "cameraMode": "third-person",
    "characterVisible": true,
    "cameraBlocked": true,
    "lateralControls": "screen-relative",
    "worldMode": "regional",
    "worldScale": 1,
    "footprintScale": 1,
    "localCenter": {
      "x": 101.26938087180768,
      "z": 13.218040080000701
    },
    "localRadius": 28,
    "localZoneId": null,
    "localPackageLoaded": false,
    "localPackageStatus": "unloaded",
    "localPackageLoadCount": 2,
    "localPackageReleaseCount": 2,
    "localPackageRequestCount": 4,
    "localGpuResources": 0,
    "localRegistryLoaded": true,
    "localRegistryBuildId": "baleares-local-zones-cc574a5013d0",
    "localZoneCount": 2,
    "localRequestedZoneId": null,
    "localLastLoadedZoneId": "llevant",
    "localProximityZoneId": "llevant",
    "localProximityDistance": 4.605149493667514,
    "localProximityStatus": "available",
    "localEntryRadius": 8.96,
    "localDiscoveryRadius": 20.160000000000004,
    "localProximityUpdates": 11,
    "renderDataset": "regional-streamed",
    "localPackageBuildId": null,
    "localPackageBytes": 0,
    "localTerrain": {
      "columns": 0,
      "rows": 0
    },
    "localCounts": {
      "buildings": 0,
      "roadVertices": 0
    },
    "grounded": true,
    "activeBuildings": 1205,
    "loadedCells": 23,
    "collisions": 0,
    "preset": "llevant"
  },
  "pageErrors": [],
  "consoleErrors": []
}
