{
  "formatVersion": 1,
  "verifierVersion": 1,
  "runtimeVersion": "007",
  "valid": true,
  "public": true,
  "url": "https://xxenesiss.github.io/WAFT-2/mallorca-mobile/region-runtime-baleares-007.html?v=536ad33e14eec13b9222ee3cefa1de087f9d646e",
  "regionalBuildId": "baleares-preview-3068ab4bdb61",
  "registryBuildId": "baleares-local-zones-cc574a5013d0",
  "viewport": {
    "width": 844,
    "height": 390,
    "touch": true
  },
  "canvas": {
    "width": 844,
    "height": 390
  },
  "zones": {
    "palma": {
      "buildId": "baleares-palma-4727f01fc3de",
      "binaryBytes": 25648,
      "counts": {
        "buildings": 160,
        "landmarks": 5,
        "roadSegments": 574,
        "roadVertices": 1148,
        "settlements": 3
      },
      "lateralDistance": 3.839759999999148,
      "lateralAlignment": 0.9999999999999999,
      "jumpRise": 0.8313746399999997
    },
    "llevant": {
      "buildId": "baleares-llevant-4727f01fc3de",
      "binaryBytes": 22760,
      "counts": {
        "buildings": 112,
        "landmarks": 2,
        "roadSegments": 514,
        "roadVertices": 1028,
        "settlements": 1
      },
      "forwardDistance": 3.7195200000000863,
      "forwardAlignment": 1
    }
  },
  "tests": {
    "registryRequestedAtBoot": true,
    "noZonePackagesRequestedAtBoot": true,
    "palmaLoadedFromRegistry": true,
    "palmaReleasedCompletely": true,
    "llevantLoadedFromRegistry": true,
    "zonesUseDifferentPackages": true,
    "finalLoads": 2,
    "finalReleases": 2,
    "finalPackageRequests": 4,
    "finalGpuResources": 0
  },
  "finalState": {
    "position": {
      "x": 102.89008498118967,
      "y": 3.96,
      "z": 13.503532145701843
    },
    "displayPosition": {
      "x": 102.89008498118967,
      "y": 3.96,
      "z": 13.503532145701843
    },
    "cameraEye": {
      "x": 102.09167940112846,
      "y": 4.752892050270109,
      "z": 11.615125367456729
    },
    "cameraYaw": 0.4,
    "playerFacing": 0.3944973445963613,
    "cameraMode": "third-person",
    "characterVisible": true,
    "cameraBlocked": true,
    "lateralControls": "screen-relative",
    "worldMode": "regional",
    "worldScale": 1,
    "footprintScale": 1,
    "localCenter": {
      "x": 101.26938087180768,
      "z": 13.218040080000701
    },
    "localRadius": 28,
    "localZoneId": null,
    "localPackageLoaded": false,
    "localPackageStatus": "unloaded",
    "localPackageLoadCount": 2,
    "localPackageReleaseCount": 2,
    "localPackageRequestCount": 4,
    "localGpuResources": 0,
    "localRegistryLoaded": true,
    "localRegistryBuildId": "baleares-local-zones-cc574a5013d0",
    "localZoneCount": 2,
    "localRequestedZoneId": null,
    "localLastLoadedZoneId": "llevant",
    "renderDataset": "regional-streamed",
    "localPackageBuildId": null,
    "localPackageBytes": 0,
    "localTerrain": {
      "columns": 0,
      "rows": 0
    },
    "localCounts": {
      "buildings": 0,
      "roadVertices": 0
    },
    "grounded": true,
    "activeBuildings": 1205,
    "loadedCells": 23,
    "collisions": 0,
    "preset": "llevant"
  },
  "pageErrors": [],
  "consoleErrors": []
}
