== syntax runtime builder ==
exit=0
== syntax browser verifier ==
exit=0
== build runtime 009 ==
{
  "formatVersion": 1,
  "buildRevision": 1,
  "runtimeVersion": "009",
  "source": "mallorca-mobile/region-runtime-baleares-008.html",
  "output": "mallorca-mobile/region-runtime-baleares-009.html",
  "sourceSha256": "74f668afff73b539ca0aa36e555d602fa8831252e09567a50421a9e1792164bf",
  "outputSha256": "e5d76de782d0b93c17e2a46c5fd2018eb91657bdea64c3aa1d6bf695feb96ead",
  "outputBytes": 88340,
  "player": {
    "visualScale": 0.58,
    "collisionRadius": 0.16,
    "previousCollisionRadius": 0.34,
    "eyeHeight": 0.82
  },
  "graphics": {
    "profile": "enhanced-mobile-v1",
    "enhancedTerrainLighting": true,
    "enhancedMediterraneanPalette": true,
    "enhancedBuildingMaterials": true,
    "enhancedCharacterShading": true
  },
  "behavior": {
    "geographicZoneDetectionPreserved": true,
    "localPackageLifecyclePreserved": true,
    "narrowPassageProbeIncluded": true,
    "protectedPreviousRuntime": true
  }
}
exit=0
== syntax runtime 009 inline JavaScript ==
exit=0
== rebuild runtime 009 ==
{
  "formatVersion": 1,
  "buildRevision": 1,
  "runtimeVersion": "009",
  "source": "mallorca-mobile/region-runtime-baleares-008.html",
  "output": "mallorca-mobile/region-runtime-baleares-009.html",
  "sourceSha256": "74f668afff73b539ca0aa36e555d602fa8831252e09567a50421a9e1792164bf",
  "outputSha256": "e5d76de782d0b93c17e2a46c5fd2018eb91657bdea64c3aa1d6bf695feb96ead",
  "outputBytes": 88340,
  "player": {
    "visualScale": 0.58,
    "collisionRadius": 0.16,
    "previousCollisionRadius": 0.34,
    "eyeHeight": 0.82
  },
  "graphics": {
    "profile": "enhanced-mobile-v1",
    "enhancedTerrainLighting": true,
    "enhancedMediterraneanPalette": true,
    "enhancedBuildingMaterials": true,
    "enhancedCharacterShading": true
  },
  "behavior": {
    "geographicZoneDetectionPreserved": true,
    "localPackageLifecyclePreserved": true,
    "narrowPassageProbeIncluded": true,
    "protectedPreviousRuntime": true
  }
}
exit=0
== local mobile browser runtime 009 ==
node:internal/modules/esm/resolve:873
  throw new ERR_MODULE_NOT_FOUND(packageName, fileURLToPath(base), null);
        ^

Error [ERR_MODULE_NOT_FOUND]: Cannot find package 'playwright-core' imported from /tmp/verify-baleares-runtime-009-generated.mjs
    at packageResolve (node:internal/modules/esm/resolve:873:9)
    at moduleResolve (node:internal/modules/esm/resolve:946:18)
    at defaultResolve (node:internal/modules/esm/resolve:1188:11)
    at ModuleLoader.defaultResolve (node:internal/modules/esm/loader:708:12)
    at #cachedDefaultResolve (node:internal/modules/esm/loader:657:25)
    at ModuleLoader.resolve (node:internal/modules/esm/loader:640:38)
    at ModuleLoader.getModuleJobForImport (node:internal/modules/esm/loader:264:38)
    at ModuleJob._link (node:internal/modules/esm/module_job:168:49) {
  code: 'ERR_MODULE_NOT_FOUND'
}

Node.js v20.20.2
exit=1
