{
  "formatVersion": 1,
  "regionId": "baleares",
  "dataset": "Wikidata landmark enrichment",
  "provider": "Wikimedia Foundation and Wikidata contributors",
  "endpoint": "https://www.wikidata.org/w/api.php",
  "license": "CC0 1.0",
  "retrievedOn": "2026-08-01",
  "requestedQids": 514,
  "requestedQidsSha256": "49bbbe1275723f66a047f59cd930baa586ecd8b938fb2660d4c0cc40657d4f78",
  "entityCount": 514,
  "manualMatchCount": 7,
  "snapshotFile": "wikidata-landmarks.json.gz",
  "snapshotBytes": 62452,
  "snapshotSha256": "c7bb4f8f6b73049c3059d53ee17280c9555ad5308f0b21b010e1bf4a37e96e0d",
  "uncompressedBytes": 427560
}
{
  "activeSectors": 44,
  "files": 9,
  "landCells": 12901,
  "outputDirectory": "regions/baleares",
  "packageBytes": 626300,
  "regionId": "baleares"
}
{
  "fallbackElevationCells": 0,
  "maximumElevationMeters": 1261,
  "meanElevationMeters": 135.794,
  "minimumElevationMeters": 0,
  "packageDirectory": "regions/baleares",
  "realElevationCells": 12901,
  "regionId": "baleares"
}
{
  "classDistribution": {
    "0": 118171,
    "1": 28,
    "2": 8,
    "3": 1008,
    "4": 4803,
    "5": 2343,
    "6": 3,
    "7": 585,
    "8": 588,
    "9": 3535
  },
  "fallbackLandCells": 0,
  "packageDirectory": "regions/baleares",
  "realClassifiedLandCells": 12901,
  "regionId": "baleares"
}
{
  "discardedBuildings": {
    "duplicate": 92894,
    "invalid": 14795,
    "protectedZone": 2535,
    "sectorLimit": 189117,
    "water": 7
  },
  "generatedBuildings": 5866,
  "hotels": 2663,
  "landmarks": 90,
  "packageBytes": 39253849,
  "packageDirectory": "regions/baleares",
  "ports": 146,
  "regionId": "baleares",
  "roads": 43994,
  "settlements": 70
}
{
  "landmarkArchetypes": 68,
  "landmarks": 90,
  "packageBytes": 39409942,
  "packageDirectory": "regions/baleares",
  "regionId": "baleares",
  "representationCounts": {
    "archetype": 68,
    "unique": 4,
    "unique-candidate": 18
  },
  "uniqueModelCandidates": 22,
  "wikidataLinkedLandmarks": 90
}
{
  "formatVersion": 1,
  "regionId": "baleares",
  "valid": true,
  "dataset": "Wikidata landmark enrichment",
  "sourceEntities": 514,
  "requestedQids": 514,
  "manualMatches": 7,
  "selectedLandmarks": 90,
  "linkedLandmarks": 90,
  "representationCounts": {
    "archetype": 68,
    "unique": 4,
    "unique-candidate": 18
  },
  "landmarkTypes": [
    "archaeological_site",
    "castle",
    "cathedral",
    "church",
    "fortress",
    "lighthouse",
    "monastery",
    "monument",
    "natural_landmark",
    "tower"
  ],
  "packageBytes": 39409942
}
{
  "activeSectors": 44,
  "files": 9,
  "landCells": 12901,
  "outputDirectory": "../../../../../tmp/waft-wiki-a",
  "packageBytes": 626300,
  "regionId": "baleares"
}
{
  "fallbackElevationCells": 0,
  "maximumElevationMeters": 1261,
  "meanElevationMeters": 135.794,
  "minimumElevationMeters": 0,
  "packageDirectory": "../../../../../tmp/waft-wiki-a",
  "realElevationCells": 12901,
  "regionId": "baleares"
}
{
  "classDistribution": {
    "0": 118171,
    "1": 28,
    "2": 8,
    "3": 1008,
    "4": 4803,
    "5": 2343,
    "6": 3,
    "7": 585,
    "8": 588,
    "9": 3535
  },
  "fallbackLandCells": 0,
  "packageDirectory": "../../../../../tmp/waft-wiki-a",
  "realClassifiedLandCells": 12901,
  "regionId": "baleares"
}
{
  "discardedBuildings": {
    "duplicate": 92894,
    "invalid": 14795,
    "protectedZone": 2535,
    "sectorLimit": 189117,
    "water": 7
  },
  "generatedBuildings": 5866,
  "hotels": 2663,
  "landmarks": 90,
  "packageBytes": 39253849,
  "packageDirectory": "../../../../../tmp/waft-wiki-a",
  "ports": 146,
  "regionId": "baleares",
  "roads": 43994,
  "settlements": 70
}
{
  "landmarkArchetypes": 68,
  "landmarks": 90,
  "packageBytes": 39409942,
  "packageDirectory": "../../../../../tmp/waft-wiki-a",
  "regionId": "baleares",
  "representationCounts": {
    "archetype": 68,
    "unique": 4,
    "unique-candidate": 18
  },
  "uniqueModelCandidates": 22,
  "wikidataLinkedLandmarks": 90
}
{
  "activeSectors": 44,
  "files": 9,
  "landCells": 12901,
  "outputDirectory": "../../../../../tmp/waft-wiki-b",
  "packageBytes": 626300,
  "regionId": "baleares"
}
{
  "fallbackElevationCells": 0,
  "maximumElevationMeters": 1261,
  "meanElevationMeters": 135.794,
  "minimumElevationMeters": 0,
  "packageDirectory": "../../../../../tmp/waft-wiki-b",
  "realElevationCells": 12901,
  "regionId": "baleares"
}
{
  "classDistribution": {
    "0": 118171,
    "1": 28,
    "2": 8,
    "3": 1008,
    "4": 4803,
    "5": 2343,
    "6": 3,
    "7": 585,
    "8": 588,
    "9": 3535
  },
  "fallbackLandCells": 0,
  "packageDirectory": "../../../../../tmp/waft-wiki-b",
  "realClassifiedLandCells": 12901,
  "regionId": "baleares"
}
{
  "discardedBuildings": {
    "duplicate": 92894,
    "invalid": 14795,
    "protectedZone": 2535,
    "sectorLimit": 189117,
    "water": 7
  },
  "generatedBuildings": 5866,
  "hotels": 2663,
  "landmarks": 90,
  "packageBytes": 39253849,
  "packageDirectory": "../../../../../tmp/waft-wiki-b",
  "ports": 146,
  "regionId": "baleares",
  "roads": 43994,
  "settlements": 70
}
{
  "landmarkArchetypes": 68,
  "landmarks": 90,
  "packageBytes": 39409942,
  "packageDirectory": "../../../../../tmp/waft-wiki-b",
  "regionId": "baleares",
  "representationCounts": {
    "archetype": 68,
    "unique": 4,
    "unique-candidate": 18
  },
  "uniqueModelCandidates": 22,
  "wikidataLinkedLandmarks": 90
}
