Collecting osmium
  Downloading osmium-4.3.1-cp312-cp312-manylinux_2_27_x86_64.manylinux_2_28_x86_64.whl.metadata (3.7 kB)
Collecting requests (from osmium)
  Downloading requests-2.34.2-py3-none-any.whl.metadata (4.8 kB)
Collecting charset_normalizer<4,>=2 (from requests->osmium)
  Downloading charset_normalizer-3.4.9-cp312-cp312-manylinux2014_x86_64.manylinux_2_17_x86_64.manylinux_2_28_x86_64.whl.metadata (41 kB)
Collecting idna<4,>=2.5 (from requests->osmium)
  Downloading idna-3.18-py3-none-any.whl.metadata (6.1 kB)
Collecting urllib3<3,>=1.26 (from requests->osmium)
  Downloading urllib3-2.7.0-py3-none-any.whl.metadata (6.9 kB)
Collecting certifi>=2023.5.7 (from requests->osmium)
  Downloading certifi-2026.7.22-py3-none-any.whl.metadata (2.5 kB)
Downloading osmium-4.3.1-cp312-cp312-manylinux_2_27_x86_64.manylinux_2_28_x86_64.whl (1.8 MB)
   ━━━━━━━━━━━━━━━━━━━━━━━━━━━━━━━━━━━━━━━━ 1.8/1.8 MB 15.7 MB/s  0:00:00
Downloading requests-2.34.2-py3-none-any.whl (73 kB)
Downloading charset_normalizer-3.4.9-cp312-cp312-manylinux2014_x86_64.manylinux_2_17_x86_64.manylinux_2_28_x86_64.whl (224 kB)
Downloading idna-3.18-py3-none-any.whl (65 kB)
Downloading urllib3-2.7.0-py3-none-any.whl (131 kB)
Downloading certifi-2026.7.22-py3-none-any.whl (136 kB)
Installing collected packages: urllib3, idna, charset_normalizer, certifi, requests, osmium

Successfully installed certifi-2026.7.22 charset_normalizer-3.4.9 idna-3.18 osmium-4.3.1 requests-2.34.2 urllib3-2.7.0
{
  "attribution": "© OpenStreetMap contributors",
  "counts": {
    "buildings": 305214,
    "hotels": 3952,
    "landmarks": 5409,
    "ports": 146,
    "roads": 145578,
    "settlements": 7689
  },
  "dataset": "OpenStreetMap regional extract",
  "distribution": "Geofabrik",
  "formatVersion": 1,
  "httpLastModified": "Fri, 31 Jul 2026 23:05:17 GMT",
  "license": "ODbL 1.0",
  "osmTimestamp": "2026-07-31T20:21:56Z",
  "parserStatistics": {
    "areasSeen": 500453,
    "invalidGeometries": 0,
    "nodesSeen": 5254156,
    "relationsSeen": 8536,
    "waysSeen": 735769
  },
  "pbfBytes": 46061737,
  "pbfSha256": "3297fa2dbe3de62b447f3dced1a4b501676bee83d73f0d2a05d254fe72db40db",
  "provider": "OpenStreetMap contributors",
  "regionId": "baleares",
  "retrievedOn": "2026-08-01",
  "snapshotBytes": 33417430,
  "snapshotFile": "openstreetmap-extract.json.gz",
  "snapshotSha256": "241194ddb2b6c97f22c0fdc5aa3bd51966af8eaed88afe4c406c6d67207b974c",
  "sourceUrl": "https://download.geofabrik.de/europe/spain/islas-baleares-latest.osm.pbf",
  "uncompressedBytes": 178212991
}
{
  "activeSectors": 44,
  "files": 9,
  "landCells": 12901,
  "outputDirectory": "regions/baleares",
  "packageBytes": 626300,
  "regionId": "baleares"
}
{
  "fallbackElevationCells": 0,
  "maximumElevationMeters": 1261,
  "meanElevationMeters": 135.794,
  "minimumElevationMeters": 0,
  "packageDirectory": "regions/baleares",
  "realElevationCells": 12901,
  "regionId": "baleares"
}
{
  "classDistribution": {
    "0": 118171,
    "1": 28,
    "2": 8,
    "3": 1008,
    "4": 4803,
    "5": 2343,
    "6": 3,
    "7": 585,
    "8": 588,
    "9": 3535
  },
  "fallbackLandCells": 0,
  "packageDirectory": "regions/baleares",
  "realClassifiedLandCells": 12901,
  "regionId": "baleares"
}
{
  "discardedBuildings": {
    "duplicate": 92894,
    "invalid": 14795,
    "protectedZone": 2535,
    "sectorLimit": 189117,
    "water": 7
  },
  "generatedBuildings": 5866,
  "hotels": 2663,
  "landmarks": 90,
  "packageBytes": 39253849,
  "packageDirectory": "regions/baleares",
  "ports": 146,
  "regionId": "baleares",
  "roads": 43994,
  "settlements": 70
}
Error: Unexpected generation stage
    at assert (file:///home/runner/work/WAFT-2/WAFT-2/world-generator/scripts/verify-region-package.mjs:18:25)
    at verify (file:///home/runner/work/WAFT-2/WAFT-2/world-generator/scripts/verify-region-package.mjs:46:3)
    at file:///home/runner/work/WAFT-2/WAFT-2/world-generator/scripts/verify-region-package.mjs:170:3
    at ModuleJob.run (node:internal/modules/esm/module_job:343:25)
    at async onImport.tracePromise.__proto__ (node:internal/modules/esm/loader:681:26)
    at async asyncRunEntryPointWithESMLoader (node:internal/modules/run_main:117:5)
