== syntax checks ==
syntax-code=0
== first build ==
{
  "formatVersion": 1,
  "buildRevision": 1,
  "runtimeVersion": "006",
  "source": "mallorca-mobile/region-runtime-baleares-005.html",
  "output": "mallorca-mobile/region-runtime-baleares-006.html",
  "sourceSha256": "44b7dfb5deab0e4bae1b0e5d5a8ebfba3211ffae510f304f7109f51f9c921421",
  "outputSha256": "9162a745d5b5f2043621aa26de72a720b4ea137be25d4705f22278aa2e19f122",
  "outputBytes": 72777,
  "behavior": {
    "bootLoadsLocalPackage": false,
    "enterLoadsLocalPackage": true,
    "exitReleasesLocalPackage": true,
    "deletesLocalWebglResources": true,
    "preservesRegionalPosition": true
  }
}
build-code=0
== inline JavaScript syntax ==
inline-code=0
== deterministic rebuild ==
deterministic-code=0
== mobile browser verification ==
Error: HUD does not identify local package: REGIONAL ×1 · 1205 edificios / 5866 · 23 lotes · 8 FPS
    at assert (file:///home/runner/work/WAFT-2/WAFT-2/world-generator/scripts/verify-baleares-runtime-006-browser.mjs:37:25)
    at verify (file:///home/runner/work/WAFT-2/WAFT-2/world-generator/scripts/verify-baleares-runtime-006-browser.mjs:184:5)
browser-code=1
