== syntax repaired builder ==
exit=0
== syntax source builder ==
exit=0
== syntax browser verifier ==
exit=0
== build runtime 011 ==
{
  "formatVersion": 1,
  "buildRevision": 1,
  "runtimeVersion": "011",
  "source": "mallorca-mobile/region-runtime-baleares-010.html",
  "output": "mallorca-mobile/region-runtime-baleares-011.html",
  "sourceSha256": "2d2593f22bac1b178c7530af5842edf25b50ad9f23fd12a3a108620d03ccd01a",
  "outputSha256": "68235157e241ee3dda3d2ff834b88d8fcbce80774a07315fd03e5a08e7195225",
  "outputBytes": 127987,
  "travel": {
    "schemaVersion": 1,
    "saveKey": "waft.baleares.travel.v1",
    "nodes": 5,
    "routes": 5,
    "physicalDiscovery": true,
    "teleportDiscoverySuppressed": true,
    "breadcrumbTrail": true,
    "maximumTrailPoints": 384,
    "routeRendering": true,
    "manualSave": true,
    "autosaveSeconds": 5,
    "restorePosition": true,
    "resetConfirmation": true
  },
  "preserved": {
    "terrainAdaptation": true,
    "mountainClimbing": true,
    "swimming": true,
    "highJump": true,
    "localZonePackages": true,
    "protectedRuntime010": true
  }
}
exit=0
== syntax runtime 011 inline JavaScript ==
exit=0
== rebuild runtime 011 ==
{
  "formatVersion": 1,
  "buildRevision": 1,
  "runtimeVersion": "011",
  "source": "mallorca-mobile/region-runtime-baleares-010.html",
  "output": "mallorca-mobile/region-runtime-baleares-011.html",
  "sourceSha256": "2d2593f22bac1b178c7530af5842edf25b50ad9f23fd12a3a108620d03ccd01a",
  "outputSha256": "68235157e241ee3dda3d2ff834b88d8fcbce80774a07315fd03e5a08e7195225",
  "outputBytes": 127987,
  "travel": {
    "schemaVersion": 1,
    "saveKey": "waft.baleares.travel.v1",
    "nodes": 5,
    "routes": 5,
    "physicalDiscovery": true,
    "teleportDiscoverySuppressed": true,
    "breadcrumbTrail": true,
    "maximumTrailPoints": 384,
    "routeRendering": true,
    "manualSave": true,
    "autosaveSeconds": 5,
    "restorePosition": true,
    "resetConfirmation": true
  },
  "preserved": {
    "terrainAdaptation": true,
    "mountainClimbing": true,
    "swimming": true,
    "highJump": true,
    "localZonePackages": true,
    "protectedRuntime010": true
  }
}
exit=0
== local mobile browser runtime 011 ==
Error: Swimming movement regressed: 1.0399999999998408
    at assert (file:///home/runner/work/WAFT-2/WAFT-2/world-generator/scripts/verify-baleares-runtime-011-browser.mjs:37:25)
    at verify (file:///home/runner/work/WAFT-2/WAFT-2/world-generator/scripts/verify-baleares-runtime-011-browser.mjs:202:5)
exit=1
