== import selected Wikidata landmarks ==
{
  "formatVersion": 1,
  "regionId": "catalunya-litoral",
  "dataset": "Wikidata landmark enrichment",
  "provider": "Wikimedia Foundation and Wikidata contributors",
  "endpoint": "https://www.wikidata.org/w/api.php",
  "license": "CC0 1.0",
  "retrievedOn": "2026-08-03",
  "requestedQids": 100,
  "requestedQidsSha256": "9210c08dd7e4bf06b00171d8023b7afb959fa43b6a6d158bdceb4571aac9c267",
  "entityCount": 100,
  "manualMatchCount": 9,
  "snapshotFile": "wikidata-landmarks.json.gz",
  "snapshotBytes": 17550,
  "snapshotSha256": "9911ed346b9edffdf6d2c1b2140f3a5106ef6662d19f3c9a25c73bb0f0b9c27b",
  "uncompressedBytes": 102011
}
exit=0
== rank Wikidata landmarks ==
{
  "landmarkArchetypes": 76,
  "landmarks": 100,
  "packageBytes": 52613235,
  "packageDirectory": "regions/catalunya-litoral",
  "regionId": "catalunya-litoral",
  "representationCounts": {
    "archetype": 76,
    "unique": 6,
    "unique-candidate": 18
  },
  "uniqueModelCandidates": 24,
  "wikidataLinkedLandmarks": 100
}
exit=0
== build compact preview ==
{
  "binaryBytes": 670144,
  "binarySha256": "682787dfcdb71e734b9c3724c8593626476b625b8d11fbe4816625c988015c54",
  "buildId": "catalunya-litoral-preview-00eabb66d20c",
  "counts": {
    "buildings": 3534,
    "hotels": 597,
    "landmarks": 100,
    "namedBuildings": 3292,
    "roadSegments": 17298,
    "roadVertices": 34596,
    "selectedRoads": 12500,
    "settlements": 90
  },
  "distributions": {
    "buildingKinds": {
      "commercial": 214,
      "historic": 967,
      "hotel": 597,
      "ordinary": 32,
      "public": 208,
      "religious": 1516
    },
    "landmarkRepresentations": {
      "archetype": 76,
      "unique": 6,
      "unique-candidate": 18
    },
    "roadClasses": {
      "motorway": 4812,
      "primary": 5406,
      "trunk": 2282
    }
  },
  "formatVersion": 1,
  "inputsSha256": "00eabb66d20cd983074aa99eaef148086764bcf654d873af287139257f824bb8",
  "regionId": "catalunya-litoral",
  "valid": true
}
exit=0
== verify compact preview ==
Error: Road vertex 8 x outside bounds
    at assert (file:///home/runner/work/WAFT-2/WAFT-2/world-generator/scripts/.verify-region-preview-v2-generated.mjs:24:25)
    at verifyRecords (file:///home/runner/work/WAFT-2/WAFT-2/world-generator/scripts/.verify-region-preview-v2-generated.mjs:59:5)
    at verify (file:///home/runner/work/WAFT-2/WAFT-2/world-generator/scripts/.verify-region-preview-v2-generated.mjs:150:3)
    at file:///home/runner/work/WAFT-2/WAFT-2/world-generator/scripts/.verify-region-preview-v2-generated.mjs:169:3
    at ModuleJob.run (node:internal/modules/esm/module_job:325:25)
    at async ModuleLoader.import (node:internal/modules/esm/loader:606:24)
    at async asyncRunEntryPointWithESMLoader (node:internal/modules/run_main:117:5)
exit=1
